// Vitest Snapshot v1, https://vitest.dev/guide/snapshot.html

exports[`Pagination > should render with required props 1`] = `
<nav
  className="[&>ol]:flex [&>ol]:my-0 [&>ol]:mx-auto [&>ol]:p-0 [&>ol]:justify-between [&>ol]:items-center [&>ol]:max-w-fit""
  data-testid="Pagination"
>
  <ol>
    <li
      className="PaginationItem current"
      data-testid="page 1"
    >
      <a
        className="unstyledLink"
        href="/resources/1"
        onClick={[Function]}
        onMouseEnter={[Function]}
        onTouchStart={[Function]}
      >
        <span
          className="sr-only"
          data-testid="SCREEN_READER_ONLY"
        >
          Go to page
        </span>
        1
      </a>
    </li>
    <li
      className="PaginationItem"
      data-testid="page 2"
    >
      <a
        className="unstyledLink"
        href="/resources/2"
        onClick={[Function]}
        onMouseEnter={[Function]}
        onTouchStart={[Function]}
      >
        <span
          className="sr-only"
          data-testid="SCREEN_READER_ONLY"
        >
          Go to page
        </span>
        2
      </a>
    </li>
    <li
      className="PaginationItem"
      data-testid="page 3"
    >
      <a
        className="unstyledLink"
        href="/resources/3"
        onClick={[Function]}
        onMouseEnter={[Function]}
        onTouchStart={[Function]}
      >
        <span
          className="sr-only"
          data-testid="SCREEN_READER_ONLY"
        >
          Go to page
        </span>
        3
      </a>
    </li>
    <li
      className="PaginationItem"
      data-testid="page 4"
    >
      <a
        className="unstyledLink"
        href="/resources/4"
        onClick={[Function]}
        onMouseEnter={[Function]}
        onTouchStart={[Function]}
      >
        <span
          className="sr-only"
          data-testid="SCREEN_READER_ONLY"
        >
          Go to page
        </span>
        4
      </a>
    </li>
    <li
      className="PaginationItem"
      data-testid="page 5"
    >
      <a
        className="unstyledLink"
        href="/resources/5"
        onClick={[Function]}
        onMouseEnter={[Function]}
        onTouchStart={[Function]}
      >
        <span
          className="sr-only"
          data-testid="SCREEN_READER_ONLY"
        >
          Go to page
        </span>
        5
      </a>
    </li>
    <li
      className="PaginationItem"
      data-testid="page 6"
    >
      <a
        className="unstyledLink"
        href="/resources/6"
        onClick={[Function]}
        onMouseEnter={[Function]}
        onTouchStart={[Function]}
      >
        <span
          className="sr-only"
          data-testid="SCREEN_READER_ONLY"
        >
          Go to page
        </span>
        6
      </a>
    </li>
    <li
      className="PaginationItem"
      data-testid="page 7"
    >
      <a
        className="unstyledLink"
        href="/resources/7"
        onClick={[Function]}
        onMouseEnter={[Function]}
        onTouchStart={[Function]}
      >
        <span
          className="sr-only"
          data-testid="SCREEN_READER_ONLY"
        >
          Go to page
        </span>
        7
      </a>
    </li>
    <li
      className="PaginationItem"
      data-testid="page 8"
    >
      <a
        className="unstyledLink"
        href="/resources/8"
        onClick={[Function]}
        onMouseEnter={[Function]}
        onTouchStart={[Function]}
      >
        <span
          className="sr-only"
          data-testid="SCREEN_READER_ONLY"
        >
          Go to page
        </span>
        8
      </a>
    </li>
    <li
      className="PaginationItem"
      data-testid="page 9"
    >
      <a
        className="unstyledLink"
        href="/resources/9"
        onClick={[Function]}
        onMouseEnter={[Function]}
        onTouchStart={[Function]}
      >
        <span
          className="sr-only"
          data-testid="SCREEN_READER_ONLY"
        >
          Go to page
        </span>
        9
      </a>
    </li>
    <li
      className="PaginationItem notClickable"
      data-testid="separatorEnd"
    >
      â€¦
    </li>
    <li
      className="PaginationItem"
      data-testid="page 20"
    >
      <a
        className="unstyledLink"
        href="/resources/20"
        onClick={[Function]}
        onMouseEnter={[Function]}
        onTouchStart={[Function]}
      >
        <span
          className="sr-only"
          data-testid="SCREEN_READER_ONLY"
        >
          Go to page
        </span>
        20
      </a>
    </li>
    <li
      className="PaginationItem"
      data-testid="NEXT_PAGE_BUTTON"
    >
      <a
        className="unstyledLink"
        href="/resources/2"
        onClick={[Function]}
        onMouseEnter={[Function]}
        onTouchStart={[Function]}
      >
        <span
          className="sr-only"
          data-testid="SCREEN_READER_ONLY"
        >
          Go to page
        </span>
        <svg
          className="w-full"
          dangerouslySetInnerHTML={
            {
              "__html": "<symbol xmlns="http://www.w3.org/2000/svg" viewBox="0 0 1792 1792" id="5683c9ca"><title>Angle Right</title><path d="M1171 960q0 13-10 23l-466 466q-10 10-23 10t-23-10l-50-50q-10-10-10-23t10-23l393-393-393-393q-10-10-10-23t10-23l50-50q10-10 23-10t23 10l466 466q10 10 10 23z"/></symbol><use href='#5683c9ca'/>",
            }
          }
          viewBox="0 0 1792 1792"
        />
      </a>
    </li>
  </ol>
</nav>
`;
