// Jest Snapshot v1, https://goo.gl/fbAQLP

exports[`OutboundLink should render with many props assigned 1`] = `
<a
  className="test-class"
  href="https://tests.com"
  onClick={[Function]}
  rel="noopener noreferrer"
  target="_blank"
>
  <span
    className="ScreenReaderOnly"
  >
    Opens in new window
  </span>
  Test
</a>
`;

exports[`OutboundLink should render with required props 1`] = `
<a
  href="https://tests.com"
  onClick={[Function]}
  rel="noopener noreferrer"
  target="_blank"
>
  <span
    className="ScreenReaderOnly"
  >
    Opens in new window
  </span>
  Test
  <svg
    className="externalLinkIcon"
  />
</a>
`;
