// Jest Snapshot v1, https://goo.gl/fbAQLP

exports[`ErrorDisplay should render with just required props 1`] = `
<div
  className="ErrorDisplay"
>
  <div
    className="bg"
  >
    <div
      className="textContainer"
    >
      <h1
        className="title"
      >
        404
        !
      </h1>
      <p
        className="paragraph"
      >
        We're so ashamed. You definitely weren't supposed to see this...
      </p>
    </div>
  </div>
</div>
`;
