// Vitest Snapshot v1, https://vitest.dev/guide/snapshot.html

exports[`UpdateProfileForm/Steps/MilitaryDetails > should render in context of Formik 1`] = `
<form
  noValidate={true}
  onReset={[Function]}
  onSubmit={[Function]}
>
  <div
    className="row"
  >
    <input
      isMulti={true}
      label="Branch Of Service*"
      name="branchOfService"
      onBlur={[Function]}
      onChange={[Function]}
      options={
        [
          {
            "label": "Army / Army Reserves / Army National Guard",
            "value": "army",
          },
          {
            "label": "Navy / Navy Reserves",
            "value": "navy",
          },
          {
            "label": "Marine Corps / Marine Corps Reserves",
            "value": "marine",
          },
          {
            "label": "Air Force / Air Force Reserves / Air National Guard",
            "value": "airforce",
          },
          {
            "label": "Coast Guard / Coast Guard Reserves",
            "value": "coastguard",
          },
        ]
      }
      value={[]}
    />
    <div
      className="field"
      data-testid="INPUT"
    >
      <label
        className="text-themeSecondary text-sm"
        data-testid="LABEL"
        htmlFor="yearsOfService"
      >
        Years Of Service*
      </label>
      <div
        className="inputFeedbackGrouping"
        data-testid="INPUT_FEEDBACK_GROUPING"
      >
        <input
          className="Input"
          id="yearsOfService"
          max="40"
          min="1"
          name="yearsOfService"
          onBlur={[Function]}
          onChange={[Function]}
          type="number"
          value=""
        />
      </div>
    </div>
    <input
      label="Pay Grade*"
      name="payGrade"
      onBlur={[Function]}
      onChange={[Function]}
      options={
        [
          {
            "label": "E1-E5",
            "value": "E1-E5",
          },
          {
            "label": "E6-E9+",
            "value": "E6-E9+",
          },
          {
            "label": "O1-O3",
            "value": "O1-O3",
          },
          {
            "label": "O4-O7+",
            "value": "O4-O7+",
          },
          {
            "label": "WO1-3",
            "value": "WO1-3",
          },
          {
            "label": "WO3+",
            "value": "WO3+",
          },
        ]
      }
      value=""
    />
  </div>
</form>
`;
