// Jest Snapshot v1, https://goo.gl/fbAQLP

exports[`OutboundLink should render with required props 1`] = `
<a
  href="https://tests.com"
  onClick={[Function]}
  rel="noopener noreferrer"
  target="_blank"
>
  Test
  <span
    className="ScreenReaderOnly"
    data-testid="SCREEN_READER_ONLY"
  >
    Opens in new window
  </span>
  <svg
    className="externalLinkIcon"
  />
</a>
`;
