// Jest Snapshot v1, https://goo.gl/fbAQLP

exports[`ScreenReaderOnly should render with required props 1`] = `
Array [
  <span>
    Content never displayed, but it is rendered
  </span>,
  <span
    className="ScreenReaderOnly"
    data-testid="SCREEN_READER_ONLY"
  >
    ScreenReader content
  </span>,
]
`;
