// Vitest Snapshot v1, https://vitest.dev/guide/snapshot.html

exports[`Input > should render with required props 1`] = `
<div
  className="field"
  data-testid="INPUT"
>
  <label
    className="text-themeSecondary text-sm"
    data-testid="LABEL"
    htmlFor="someInputName"
  >
    Some Input:
  </label>
  <div
    className="inputFeedbackGrouping"
    data-testid="INPUT_FEEDBACK_GROUPING"
  >
    <input
      className="Input"
      id="someInputName"
      name="someInputName"
      onBlur={[MockFunction spy]}
      onChange={[MockFunction spy]}
      type="text"
      value=""
    />
  </div>
</div>
`;
